// Jest Snapshot v1, https://goo.gl/fbAQLP

exports[`matches snapshot 1`] = `
<DocumentFragment>
  <div
    class="Card"
  >
    <img
      alt="test caption"
      src="test.jpg"
    />
    <p>
      test caption
    </p>
    <p>
      Image 1 of 3
    </p>
  </div>
</DocumentFragment>
`;
